7 
8 

